// Jest Snapshot v1, https://goo.gl/fbAQLP

exports[`Dropdown multi-select Renders multiselect Dropdown correctly 1`] = `null`;

exports[`Dropdown single-select Renders single-select Dropdown correctly 1`] = `null`;
