// Jest Snapshot v1, https://goo.gl/fbAQLP

exports[`SelectedPeopleList Element keying behavior asdhlasdkasdhjkasdjkadshkadskjh 1`] = `null`;

exports[`SelectedPeopleList asdhlasdkasdhjkasdjkadshkadskjh 1`] = `<div />`;

exports[`SelectedPeopleList renders correctly 1`] = `null`;
