// Jest Snapshot v1, https://goo.gl/fbAQLP

exports[`Sticky renders Sticky (correctly) 1`] = `
<div>
  This is a test
</div>
`;
